// Jest Snapshot v1, https://goo.gl/fbAQLP

exports[`App [component] -> Should render correctly 1`] = `
<div>
  <Home />
</div>
`;
